 AS V1.42 Beta [Bld 55] - source file MegaPCM.asm - page 1 - 8/5/2012 14:56:18


       1/       0 :                     
       2/       0 :                     ; ===============================================================
       3/       0 :                     ; ---------------------------------------------------------------
       4/       0 :                     ; Mega PCM v.1.1
       5/       0 :                     ; (C) 2012, Vladikcomper
       6/       0 :                     ; ---------------------------------------------------------------
       7/       0 :                     
       8/       0 :                     	cpu	z80
       9/       0 :                     
      10/       0 :                     ; ---------------------------------------------------------------
      11/       0 :                     ; Constants
      12/       0 :                     ; ---------------------------------------------------------------
      13/       0 :                     
      14/       0 :                     ; Memory variables
      15/       0 :                     
      16/       0 : =1FF0H              Stack		equ	1FF0h
      17/       0 : =B2H                Ptr_InitPlayback equ	Event_InitPlayback+1	; Init Playback event pointer
      18/       0 : =B5H                Ptr_SoundProc	equ	Event_SoundProc+1	; Sound process event pointer
      19/       0 : =B8H                Ptr_Interrupt	equ	Event_Interrupt+1	; Sound interrupt event pointer
      20/       0 : =BBH                Ptr_EndPlayback	equ	Event_EndPlayback+1	; End playback event pointer
      21/       0 : =1FFFH              DAC_Number	equ	1FFFh			; Number of DAC sample to play ($81-based)
      22/       0 :                     						; There are special numbers to control playback:
      23/       0 :                     						;	$80	- Stop Playback
      24/       0 :                     						;	$7F	- Pause Playback
      25/       0 :                     						;	$00	- Continue Playback
      26/       0 :                     
      27/       0 :                     ; System ports
      28/       0 :                     
      29/       0 : =4000H              YM_Port0_Ctrl	equ	4000h
      30/       0 : =4001H              YM_Port0_Data	equ	4001h
      31/       0 : =4002H              YM_Port1_Ctrl	equ	4002h
      32/       0 : =4003H              YM_Port1_Data	equ	4003h
      33/       0 : =6000H              BankRegister	equ	6000h
      34/       0 :                     
      35/       0 :                     ; Sample struct vars
      36/       0 :                     
      37/       0 : =0H                 flags	equ	0	; playback flags
      38/       0 : =1H                 pitch	equ	1	; pitch value
      39/       0 : =2H                 s_bank	equ	2	; start bank
      40/       0 : =3H                 e_bank	equ	3	; end bank
      41/       0 : =4H                 s_pos	equ	4	; start offset (in first bank)
      42/       0 : =6H                 e_pos	equ	6	; end offset (in last bank)
      43/       0 :                     
      44/       0 :                     
      45/       0 :                     ; ===============================================================
      46/       0 :                     ; ---------------------------------------------------------------
      47/       0 :                     ; Driver initialization code
      48/       0 :                     ; ---------------------------------------------------------------
      49/       0 :                     
      50/       0 : F3                  	di				; disable interrupts
      51/       1 : F3                  	di
      52/       2 : F3                  	di
      53/       3 :                     
      54/       3 :                     	; Setup variables
      55/       3 : 31 F0 1F            	ld	sp,Stack		; init SP
      56/       6 : AF                  	xor	a			; a = 0
      57/       7 : 32 FF 1F            	ld	(DAC_Number),a		; reset DAC to play
      58/       A : 67                  	ld	h,a
      59/       B : 6F                  	ld	l,a
      60/       C : 22 B2 00            	ld	(Ptr_InitPlayback),hl	; reset 'InitPlayback' event
 AS V1.42 Beta [Bld 55] - source file MegaPCM.asm - page 2 - 8/5/2012 14:56:18


      61/       F : 22 B5 00            	ld	(Ptr_SoundProc),hl	; reset 'SoundProc' event
      62/      12 : 22 B8 00            	ld	(Ptr_Interrupt),hl	; reset 'Interrupt' event
      63/      15 : 22 BB 00            	ld	(Ptr_EndPlayback),hl	; reset 'PlayOver' event
      64/      18 : FD 21 00 40         	ld	iy,YM_Port0_Ctrl
      65/      1C :                     
      66/      1C :                     ; ---------------------------------------------------------------
      67/      1C :                     ; Idle loop, waiting DAC number input
      68/      1C :                     ; ---------------------------------------------------------------
      69/      1C :                     
      70/      1C :                     Idle_Loop:
      71/      1C : 21 FF 1F            	ld	hl,DAC_Number
      72/      1F :                     
      73/      1F :                     Idle_WaitDAC:
      74/      1F : 7E                  	ld	a,(hl)			; load DAC number
      75/      20 : B7                  	or	a			; test it
      76/      21 : F2 1F 00            	jp	p,Idle_WaitDAC		; if it's positive, branch
      77/      24 :                     
      78/      24 :                     ; ---------------------------------------------------------------
      79/      24 :                     ; Load DAC sample according to its number and play it
      80/      24 :                     ; ---------------------------------------------------------------
      81/      24 :                     
      82/      24 :                     LoadDAC:
      83/      24 : D6 81               	sub	81h			; subtract 81h from DAC number
      84/      26 : 38 F7               	jr	c,Idle_WaitDAC		; if a = 80h, branch
      85/      28 : 36 00               	ld	(hl),0h			; reset DAC number in RAM
      86/      2A :                     
      87/      2A :                     	; Load DAC table entry
      88/      2A : DD 21 10 02         	ld	ix,DAC_Table		; ix = DAC Table
      89/      2E : 26 00               	ld	h,0h
      90/      30 : 6F                  	ld	l,a			; hl = DAC
      91/      31 : 29                  	add	hl,hl			; hl = DAC*2
      92/      32 : 29                  	add	hl,hl			; hl = DAC*4
      93/      33 : 29                  	add	hl,hl			; hl = DAC*8
      94/      34 : EB                  	ex	de,hl
      95/      35 : DD 19               	add	ix,de			; ix = DAC_Table + DAC*8
      96/      37 :                     
      97/      37 :                     	; Init events table according to playback mode
      98/      37 : DD 7E 00            	ld	a,(ix+flags)		; a = Flags
      99/      3A : E6 07               	and	7h			; mask only Mode
     100/      3C : 87                  	add	a,a			; a = Mode*2
     101/      3D : 87                  	add	a,a			; a = Mode*4
     102/      3E : 87                  	add	a,a			; a = Mode*8
     103/      3F : 06 00               	ld	b,0h
     104/      41 : 4F                  	ld	c,a			; bc = Mode*8
     105/      42 : 21 71 00            	ld	hl,Events_List
     106/      45 : 09                  	add	hl,bc			; hl = Events_List + Mode*8
     107/      46 : 11 B2 00            	ld	de,Ptr_InitPlayback	; de = Events Pointers
     108/      49 : 01 FF 04            	ld	bc,4FFh			; do 4 times, 'c' should never borrow 'b' on decrement
     109/      4C : ED A0               -	ldi				; transfer event pointer
     110/      4E : ED A0               	ldi				;
     111/      50 : 13                  	inc	de			; skip a byte in events table ('jp' opcode)
     112/      51 : 10 F9               	djnz	-
     113/      53 :                     
     114/      53 : C3 B1 00            	jp	Event_InitPlayback	; launch 'InitPlayback' event
     115/      56 :                     
     116/      56 :                     ; ---------------------------------------------------------------
     117/      56 :                     ; Setup YM to playback DAC
     118/      56 :                     ; ---------------------------------------------------------------
     119/      56 :                     
     120/      56 :                     SetupDAC:
 AS V1.42 Beta [Bld 55] - source file MegaPCM.asm - page 3 - 8/5/2012 14:56:18


     121/      56 : FD 36 00 2B         	ld	(iy+0),2Bh		;
     122/      5A : FD 36 01 80         	ld	(iy+1),80h		; YM => Enable DAC
     123/      5E : DD 7E 00            	ld	a,(ix+flags)		; load flags
     124/      61 : E6 C0               	and	0C0h			; are pan bits set?
     125/      63 : 28 07               	jr	z,+			; if not, branch
     126/      65 : FD 36 02 B6                 ld	(iy+2),0B6h		;
     127/      69 : FD 77 03            	ld	(iy+3),a		; YM => Set Pan
     128/      6C : FD 36 00 2A         +	ld	(iy+0),2Ah		; setup YM to fetch DAC bytes
     129/      70 : C9                  	ret
     130/      71 :                     
     131/      71 :                     ; ---------------------------------------------------------------
     132/      71 :                     
     133/      71 :                     Events_List:
     134/      71 :                     	;	Initplayback,	SoundProc,	Interrupt,	EndPlayback	;
     135/      71 : 28 01 3D 01 BD 00   	dw	Init_PCM,	Process_PCM,	Int_Normal,	StopDAC		; Mode 0
                    EA 00 
     136/      79 : 28 01 3D 01 CB 00   	dw	Init_PCM,	Process_PCM,	Int_NoOverride,	StopDAC		; Mode 1
                    EA 00 
     137/      81 : 28 01 3D 01 BD 00   	dw	Init_PCM,	Process_PCM,	Int_Normal,	Reload_PCM	; Mode 2
                    28 01 
     138/      89 : 28 01 3D 01 CB 00   	dw	Init_PCM,	Process_PCM,	Int_NoOverride,	Reload_PCM	; Mode 3
                    28 01 
     139/      91 : 6E 01 87 01 BD 00   	dw	Init_DPCM,	Process_DPCM,	Int_Normal,	StopDAC		; Mode 4
                    EA 00 
     140/      99 : 6E 01 87 01 CB 00   	dw	Init_DPCM,	Process_DPCM,	Int_NoOverride,	StopDAC		; Mode 5
                    EA 00 
     141/      A1 : 6E 01 87 01 BD 00   	dw	Init_DPCM,	Process_DPCM,	Int_Normal,	Reload_DPCM	; Mode 6
                    6E 01 
     142/      A9 : 6E 01 87 01 CB 00   	dw	Init_DPCM,	Process_DPCM,	Int_NoOverride,	Reload_DPCM	; Mode 7
                    6E 01 
     143/      B1 :                     
     144/      B1 :                     ; ===============================================================
     145/      B1 :                     ; ---------------------------------------------------------------
     146/      B1 :                     ; Dynamic Events Table, filled from 'Events_List'
     147/      B1 :                     ; ---------------------------------------------------------------
     148/      B1 :                     
     149/      B1 :                     Event_InitPlayback:
     150/      B1 : C3 00 00            	jp	0h
     151/      B4 :                     
     152/      B4 :                     Event_SoundProc:
     153/      B4 : C3 00 00            	jp	0h
     154/      B7 :                     	
     155/      B7 :                     Event_Interrupt:
     156/      B7 : C3 00 00            	jp	0h
     157/      BA :                     
     158/      BA :                     Event_EndPlayback:
     159/      BA : C3 00 00            	jp	0h
     160/      BD :                     
     161/      BD :                     
     162/      BD :                     ; ===============================================================
     163/      BD :                     ; ---------------------------------------------------------------
     164/      BD :                     ; Routines to control sound playback (stop/pause/interrupt)
     165/      BD :                     ; ---------------------------------------------------------------
     166/      BD :                     ; NOTICE:
     167/      BD :                     ;	The following routines are 'Interrupt' event handlers,
     168/      BD :                     ;	they must't use any registers except A. If they does, 
     169/      BD :                     ;	it will break sample playback code.
     170/      BD :                     ;	You may do push/pop from stack though.
     171/      BD :                     ;	'StopDAC' is expection, as it breaks playback anyway.
     172/      BD :                     ; ---------------------------------------------------------------
 AS V1.42 Beta [Bld 55] - source file MegaPCM.asm - page 4 - 8/5/2012 14:56:18


     173/      BD :                     
     174/      BD :                     ; ---------------------------------------------------------------
     175/      BD :                     ; DAC Interrupt: Normal Priority
     176/      BD :                     ; ---------------------------------------------------------------
     177/      BD :                     ; INPUT:
     178/      BD :                     ;	a	= Ctrl byte
     179/      BD :                     ; ---------------------------------------------------------------
     180/      BD :                     
     181/      BD :                     Int_Normal:
     182/      BD : FE 80               	cp	80h			; stop flag?
     183/      BF : CA EA 00            	jp	z,StopDAC		; if yes, branch
     184/      C2 : FA DA 00            	jp	m,PauseDAC		; if < 80h, branch
     185/      C5 : 21 FF 1F            	ld	hl,DAC_Number
     186/      C8 : C3 24 00            	jp	LoadDAC
     187/      CB :                     
     188/      CB :                     ; ---------------------------------------------------------------
     189/      CB :                     ; DAC Interrupt: High Priority
     190/      CB :                     ; ---------------------------------------------------------------
     191/      CB :                     ; INPUT:
     192/      CB :                     ;	a	= Ctrl byte
     193/      CB :                     ; ---------------------------------------------------------------
     194/      CB :                     
     195/      CB :                     Int_NoOverride:
     196/      CB : FE 80               	cp	80h			; stop flag?
     197/      CD : CA EA 00            	jp	z,StopDAC		; if yes, branch
     198/      D0 : FA DA 00            	jp	m,PauseDAC		; if < 80h, branch
     199/      D3 : AF                  	xor	a			; a = 0
     200/      D4 : 32 FF 1F            	ld	(DAC_Number),a		; clear DAC number to prevent later ints
     201/      D7 : C3 B4 00            	jp	Event_SoundProc
     202/      DA :                     
     203/      DA :                     ; ---------------------------------------------------------------
     204/      DA :                     ; Code to wait while playback is paused
     205/      DA :                     ; ---------------------------------------------------------------
     206/      DA :                     
     207/      DA :                     PauseDAC:
     208/      DA : FD 36 01 80         	ld	(iy+1),80h		; stop sound
     209/      DE :                     
     210/      DE : 3A FF 1F            -	ld	a,(DAC_Number)		; load ctrl byte
     211/      E1 : B7                  	or	a			; is byte zero?
     212/      E2 : 20 FA               	jr	nz,-			; if not, branch
     213/      E4 :                     
     214/      E4 : CD 56 00            	call	SetupDAC		; setup YM for playback
     215/      E7 : C3 B4 00            	jp	Event_SoundProc		; go on playing
     216/      EA :                     
     217/      EA :                     ; ---------------------------------------------------------------
     218/      EA :                     ; Stop DAC playback and get back to idle loop
     219/      EA :                     ; ---------------------------------------------------------------
     220/      EA :                     
     221/      EA :                     StopDAC:
     222/      EA : FD 36 01 80         	ld	(iy+1),80h		; stop sound
     223/      EE : C3 1C 00            	jp	Idle_Loop
     224/      F1 :                     
     225/      F1 :                     
     226/      F1 :                     ; ===============================================================
     227/      F1 :                     ; ---------------------------------------------------------------
     228/      F1 :                     ; Routines to control bank-switching
     229/      F1 :                     ; ---------------------------------------------------------------
     230/      F1 :                     ; Bank-Switch Registers Set:
     231/      F1 :                     ;	b'	= Current Bank Number
     232/      F1 :                     ;	c'	= Last Bank Number
 AS V1.42 Beta [Bld 55] - source file MegaPCM.asm - page 5 - 8/5/2012 14:56:18


     233/      F1 :                     ;	de'	= Bank Register
     234/      F1 :                     ;	hl'	= End offset (bytes to play in last bank)
     235/      F1 :                     ; ---------------------------------------------------------------
     236/      F1 :                     
     237/      F1 :                     ; ---------------------------------------------------------------
     238/      F1 :                     ; Inits bank-switch system and loads first bank
     239/      F1 :                     ; ---------------------------------------------------------------
     240/      F1 :                     
     241/      F1 :                     InitBankSwitching:
     242/      F1 : D9                  	exx
     243/      F2 : DD 56 05            	ld	d,(ix+s_pos+1)
     244/      F5 : DD 5E 04            	ld	e,(ix+s_pos)	; de' = start offset (in first bank)
     245/      F8 : DD 66 07            	ld	h,(ix+e_pos+1)
     246/      FB : DD 6E 06            	ld	l,(ix+e_pos)	; hl' = end offset (in last bank)
     247/      FE : DD 46 02            	ld	b,(ix+s_bank)	; b'  = start bank number
     248/     101 : DD 4E 03            	ld	c,(ix+e_bank)	; c'  = end bank number
     249/     104 : 78                  	ld	a,b		; load start bank number
     250/     105 : B9                  	cp	c		; does the sample end in the first bank?
     251/     106 : 20 04               	jr	nz,+		; if not, branch
     252/     108 : ED 52               	sbc	hl,de		; hl' = end offset - start offset
     253/     10A : CB FC               	set	7,h		; make the number 8000h-based
     254/     10C : 11 00 60            +	ld	de,BankRegister	; de' = bank register
     255/     10F : C3 15 01            	jp	LoadBank
     256/     112 :                     
     257/     112 :                     ; ---------------------------------------------------------------
     258/     112 :                     ; Subroutine to switch to the next bank
     259/     112 :                     ; ---------------------------------------------------------------
     260/     112 :                     
     261/     112 :                     LoadNextBank:
     262/     112 : D9                  	exx
     263/     113 : 04                  	inc	b		; increase bank number
     264/     114 : 78                  	ld	a,b		; load bank number
     265/     115 :                     
     266/     115 :                     LoadBank:
     267/     115 : 12                  	ld	(de), a	; A15
     268/     116 : 0F                  	rrca
     269/     117 : 12                  	ld	(de), a	; A16
     270/     118 : 0F                  	rrca
     271/     119 : 12                  	ld	(de), a	; A17
     272/     11A : 0F                  	rrca
     273/     11B : 12                  	ld	(de), a	; A18
     274/     11C : 0F                  	rrca
     275/     11D : 12                  	ld	(de), a	; A19
     276/     11E : 0F                  	rrca
     277/     11F : 12                  	ld	(de), a	; A20
     278/     120 : 0F                  	rrca
     279/     121 : 12                  	ld	(de), a	; A21
     280/     122 : 0F                  	rrca
     281/     123 : 12                  	ld	(de), a	; A22
     282/     124 : AF                  	xor	a	; a = 0
     283/     125 : 12                  	ld	(de), a	; A23
     284/     126 : D9                  	exx
     285/     127 : C9                  	ret
     286/     128 :                     
     287/     128 :                     ; ===============================================================
     288/     128 :                     ; ---------------------------------------------------------------
     289/     128 :                     ; Routines to process PCM sound playback
     290/     128 :                     ; ---------------------------------------------------------------
     291/     128 :                     ; PCM Registers Set:
     292/     128 :                     ;	B	= Pitch Counter
 AS V1.42 Beta [Bld 55] - source file MegaPCM.asm - page 6 - 8/5/2012 14:56:18


     293/     128 :                     ;	C	= Pitch
     294/     128 :                     ;	DE	= <Unused>
     295/     128 :                     ;	HL	= PCM byte pointer
     296/     128 :                     ; ---------------------------------------------------------------
     297/     128 :                     
     298/     128 :                     ; ---------------------------------------------------------------
     299/     128 :                     ; Init PCM playback or reload PCM file
     300/     128 :                     ; ---------------------------------------------------------------
     301/     128 :                     
     302/     128 :                     Reload_PCM:
     303/     128 :                     
     304/     128 :                     Init_PCM:    
     305/     128 : CD 56 00            	call	SetupDAC       
     306/     12B : CD F1 00            	call	InitBankSwitching
     307/     12E : DD 4E 01            	ld	c,(ix+pitch)		; c  = pitch
     308/     131 : DD 66 05            	ld	h,(ix+s_pos+1)		;
     309/     134 : DD 6E 04            	ld	l,(ix+s_pos)		; hl = Start offset
     310/     137 : CB FC               	set	7,h			; make it 8000h-based if it's not (perverts memory damage if playing corrupted slots)
     311/     139 : FD 36 00 2A         	ld	(iy+0),2Ah		; YM => prepare to fetch DAC bytes
     312/     13D :                     
     313/     13D :                     ; ---------------------------------------------------------------
     314/     13D :                     ; PCM Playback Loop
     315/     13D :                     ; ---------------------------------------------------------------
     316/     13D :                     
     317/     13D :                     Process_PCM:
     318/     13D :                     
     319/     13D :                     	; Read sample's byte and send it to DAC with pitching
     320/     13D : 7E                  	ld	a,(hl)			; 7	; get PCM byte
     321/     13E : 41                  	ld	b,c			; 4	; b = Pitch
     322/     13F : 10 FE               	djnz	$			; 7/13+	; wait until pitch zero
     323/     141 : 32 01 40            	ld	(YM_Port0_Data),a	; 13	; write to DAC
     324/     144 :                     	; Cycles: 31
     325/     144 :                     
     326/     144 :                     	; Increment PCM byte pointer and switch the bank if necessary
     327/     144 : 23                  	inc	hl			; 6	; next PCM byte
     328/     145 : CB 7C               	bit	7,h			; 8	; has the bank warped?
     329/     147 : 28 19               	jr	z,++			; 7/12	; if yes, switch the bank
     330/     149 :                     	; Cycles: 21
     331/     149 :                     
     332/     149 :                     	; Check if sample playback is finished
     333/     149 : D9                  	exx				; 4	;
     334/     14A : 79                  	ld	a,c			; 4	; load last bank no.
     335/     14B : 90                  	sub	b			; 4	; compare to current bank no.
     336/     14C : 20 10               	jr	nz,+			; 7/12	; if last bank isn't reached, branch
     337/     14E : 2B                  	dec	hl			; 6	; decrease number of bytes to play in last bank
     338/     14F : B4                  	or	h			; 4	; is hl positive?
     339/     150 : F2 6A 01            	jp	p,+++			; 10	; if yes, quit playback loop
     340/     153 : D9                  	exx				; 4	;
     341/     154 :                     	; Cycles: 43
     342/     154 :                     
     343/     154 :                     	; Check if we should play a new sample
     344/     154 : 3A FF 1F            -	ld	a,(DAC_Number)		; 13	; load DAC number
     345/     157 : B7                  	or	a			; 4	; test it
     346/     158 : CA 3D 01            	jp	z,Process_PCM		; 10	; if zero, go on playing
     347/     15B : C3 B7 00            	jp	Event_Interrupt		;	; otherwise, interrupt playback
     348/     15E :                     	; Cycles: 27
     349/     15E :                     
     350/     15E :                     	; Synchronization loop (20 cycles)
     351/     15E : D9                  +	exx				; 4
     352/     15F : 00                  	nop				; 4
 AS V1.42 Beta [Bld 55] - source file MegaPCM.asm - page 7 - 8/5/2012 14:56:18


     353/     160 : 18 F2               	jr	-			; 12
     354/     162 :                     
     355/     162 :                     	; Switch to next bank
     356/     162 : 26 80               +	ld	h,80h			; restore base addr
     357/     164 : CD 12 01            	call	LoadNextBank
     358/     167 : C3 54 01            	jp	-
     359/     16A :                     
     360/     16A :                     	; Quit playback loop
     361/     16A : D9                  +	exx
     362/     16B : C3 BA 00            	jp	Event_EndPlayback
     363/     16E :                     
     364/     16E :                     ; ---------------------------------------------------------------
     365/     16E :                     ; Best cycles per loop:	122
     366/     16E :                     ; Max Possible rate:	3,550 kHz / 122 = 29 kHz (PAL)
     367/     16E :                     ; ---------------------------------------------------------------
     368/     16E :                     
     369/     16E :                     ; ===============================================================
     370/     16E :                     ; ---------------------------------------------------------------
     371/     16E :                     ; Routines to process DPCM sound playback
     372/     16E :                     ; ---------------------------------------------------------------
     373/     16E :                     ; DPCM Registers Set:
     374/     16E :                     ;	B	= Pitch Counter / also DAC Value
     375/     16E :                     ;	C	= Pitch
     376/     16E :                     ;	DE	= DPCM byte pointer
     377/     16E :                     ;	HL	= Delta Table
     378/     16E :                     ; ---------------------------------------------------------------
     379/     16E :                     
     380/     16E :                     ; ---------------------------------------------------------------
     381/     16E :                     ; Init DPCM playback or reload DPCM file
     382/     16E :                     ; ---------------------------------------------------------------
     383/     16E :                     
     384/     16E :                     Reload_DPCM:
     385/     16E :                     
     386/     16E :                     Init_DPCM:
     387/     16E : CD 56 00            	call	SetupDAC
     388/     171 : CD F1 00            	call	InitBankSwitching
     389/     174 : DD 4E 01            	ld	c,(ix+pitch)		; c  = pitch
     390/     177 : DD 56 05            	ld	d,(ix+s_pos+1)		;
     391/     17A : DD 5E 04            	ld	e,(ix+s_pos)		; de = start offset
     392/     17D : CB FA               	set	7,d			; make it 8000h-based if it's not (perverts memory damage if playing corrupted slots)
     393/     17F : 26 02               	ld	h,DPCM_DeltaArray>>8	; load delta table base
     394/     181 : FD 36 00 2A         	ld	(iy+0),2Ah		; YM => prepare to fetch DAC bytes
     395/     185 : 06 80               	ld	b,80h			; init DAC value
     396/     187 :                     
     397/     187 :                     Process_DPCM:
     398/     187 :                     
     399/     187 :                     	; Calculate and send 2 values to DAC
     400/     187 : 1A                  	ld	a,(de)			; 7	; get a byte from DPCM stream
     401/     188 : 0F                  	rrca				; 4	; get first nibble
     402/     189 : 0F                  	rrca				; 4	;
     403/     18A : 0F                  	rrca				; 4	;
     404/     18B : 0F                  	rrca				; 4	;
     405/     18C : E6 0F               	and	0Fh			; 7	; mask nibble
     406/     18E : 6F                  	ld	l,a			; 4	; setup delta table index
     407/     18F : 78                  	ld	a,b			; 4	; load DAC Value
     408/     190 : 86                  	add	a,(hl)			; 7	; add delta to it
     409/     191 : 41                  	ld	b,c			; 4	; b = Pitch
     410/     192 : 10 FE               	djnz	$			; 7/13+	; wait until pitch zero
     411/     194 : 32 01 40            	ld	(YM_Port0_Data),a	; 13	; write to DAC
     412/     197 : 47                  	ld	b,a			; 4	; b = DAC Value
 AS V1.42 Beta [Bld 55] - source file MegaPCM.asm - page 8 - 8/5/2012 14:56:18


     413/     198 :                     	; Cycles: 73
     414/     198 :                     
     415/     198 : 1A                  	ld	a,(de)			; 7	; reload DPCM stream byte
     416/     199 : E6 0F               	and	0Fh			; 7	; get second nibble
     417/     19B : 6F                  	ld	l,a			; 4	; setup delta table index
     418/     19C : 78                  	ld	a,b			; 4	; load DAC Value
     419/     19D : 86                  	add	a,(hl)			; 7	; add delta to it
     420/     19E : 41                  	ld	b,c			; 4	; b = Pitch
     421/     19F : 10 FE               	djnz	$			; 7/13+	; wait until pitch zero
     422/     1A1 : 32 01 40            	ld	(YM_Port0_Data),a	; 13	; write to DAC
     423/     1A4 : 47                  	ld	b,a			; 4	; b = DAC Value
     424/     1A5 :                     	; Cycles: 57
     425/     1A5 :                     
     426/     1A5 :                     	; Increment DPCM byte pointer and switch the bank if necessary
     427/     1A5 : 13                  	inc	de			; 6	; next DPCM byte
     428/     1A6 : CB 7A               	bit	7,d			; 8	; has the bank warped?
     429/     1A8 : 28 19               	jr	z,++			; 7/12	; if no, switch the bank
     430/     1AA :                     	; Cycles: 21
     431/     1AA :                     
     432/     1AA :                     	; Check if sample playback is finished
     433/     1AA : D9                  	exx				; 4	;
     434/     1AB : 79                  	ld	a,c			; 4	; load last bank no.
     435/     1AC : 90                  	sub	b			; 4	; compare to current bank no.
     436/     1AD : 20 10               	jr	nz,+			; 7/12	; if last bank isn't reached, branch
     437/     1AF : 2B                  	dec	hl			; 6	; decrease number of bytes to play in last bank
     438/     1B0 : B4                  	or	h			; 4	; is hl positive?
     439/     1B1 : F2 CB 01            	jp	p,+++			; 10	; if yes, quit playback loop
     440/     1B4 : D9                  	exx				; 4	;
     441/     1B5 :                     	; Cycles: 43
     442/     1B5 :                     
     443/     1B5 :                     	; Check if we should play a new sample
     444/     1B5 : 3A FF 1F            -	ld	a,(DAC_Number)		; 13	; load DAC number
     445/     1B8 : B7                  	or	a			; 4	; test it
     446/     1B9 : CA 87 01            	jp	z,Process_DPCM		; 10	; if zero, go on playing
     447/     1BC : C3 B7 00            	jp	Event_Interrupt		;	; otherwise, interrupt playback
     448/     1BF :                     	; Cycles: 27
     449/     1BF :                     
     450/     1BF :                     	; Synchronization loop (20 cycles)
     451/     1BF : D9                  +	exx				; 4
     452/     1C0 : 00                  	nop				; 4
     453/     1C1 : 18 F2               	jr	-			; 12
     454/     1C3 :                     
     455/     1C3 :                     	; Switch to next bank
     456/     1C3 : 16 80               +	ld	d,80h			; restore base address
     457/     1C5 : CD 12 01            	call	LoadNextBank
     458/     1C8 : C3 B5 01            	jp	-
     459/     1CB :                     
     460/     1CB :                     	; Quit playback loop
     461/     1CB : D9                  +	exx
     462/     1CC : C3 BA 00            	jp	Event_EndPlayback
     463/     1CF :                     
     464/     1CF :                     ; ---------------------------------------------------------------
     465/     1CF :                     ; Best cycles per loop:	221/2
     466/     1CF :                     ; Max possible rate:	32 kHz (PAL)
     467/     1CF :                     ; ---------------------------------------------------------------
     468/     1CF :                                                             
     469/     1CF :                     	align	100h	; it's important to align this way, or the code above won't work properly
     470/     200 :                     
     471/     200 :                     DPCM_DeltaArray:
     472/     200 : 00 01 02 04 08 10   	db	0, 1, 2, 4, 8, 10h, 20h, 40h
 AS V1.42 Beta [Bld 55] - source file MegaPCM.asm - page 9 - 8/5/2012 14:56:18


                    20 40 
     473/     208 : 80 FF FE FC F8 F0   	db	-80h, -1, -2, -4, -8, -10h, -20h, -40h
                    E0 C0 
     474/     210 :                     
     475/     210 :                     ; ---------------------------------------------------------------
     476/     210 :                     ; NOTICE ABOUT PLAYBACK RATES:
     477/     210 :                     ;	YM is only capable of producing DAC sound @ ~26 kHz
     478/     210 :                     ;	frequency, overpassing it leads to missed writes!
     479/     210 :                     ;	The fact playback code can play faster than that
     480/     210 :                     ;	means there is a good amount of room for more features,
     481/     210 :                     ;	i.e. to waste even more processor cycles! ;)
     482/     210 :                     ; ---------------------------------------------------------------
     483/     210 :                     
     484/     210 :                     ; ===============================================================
     485/     210 :                     
     486/     210 :                     ; Table of DAC samples goes right after the code.
     487/     210 :                     ; It remains empty here, you are meant to fill it in your hack's
     488/     210 :                     ; disassembly right after including compiled driver.
     489/     210 :                     
     490/     210 :                     DAC_Table:
     491/     210 :                     
 AS V1.42 Beta [Bld 55] - source file MegaPCM.asm - page 10 - 8/5/2012 14:56:18


  symbol table (* = unused):
  ------------------------

*ARCHITECTURE :  i386-unknown-win32 - |  BANKREGISTER :                6000 - |
*BIGENDIAN :                      0 - | *BRANCHEXT :                      0 - |
*CASESENSITIVE :                  0 - | *CONSTPI :        3.141592653589793 - |
 DAC_NUMBER :                  1FFF - |  DAC_TABLE :                    210 C |
*DATE :                    8/5/2012 - |  DPCM_DELTAARRAY :              200 C |
 EVENTS_LIST :                   71 C |  EVENT_ENDPLAYBACK :             BA C |
 EVENT_INITPLAYBACK :            B1 C |  EVENT_INTERRUPT :               B7 C |
 EVENT_SOUNDPROC :               B4 C |  E_BANK :                         3 - |
 E_POS :                          6 - | *FALSE :                          0 - |
 FLAGS :                          0 - | *FULLPMMU :                       1 - |
*HAS64 :                          1 - | *HASDSP :                         0 - |
*HASFPU :                         0 - | *HASPMMU :                        0 - |
 IDLE_LOOP :                     1C C |  IDLE_WAITDAC :                  1F C |
*INEXTMODE :                      0 - |  INITBANKSWITCHING :             F1 C |
 INIT_DPCM :                    16E C |  INIT_PCM :                     128 C |
*INLWORDMODE :                    0 - | *INMAXMODE :                      0 - |
*INSRCMODE :                      0 - | *INSUPMODE :                      0 - |
 INT_NOOVERRIDE :                CB C |  INT_NORMAL :                    BD C |
*LISTON :                         1 - |  LOADBANK :                     115 C |
 LOADDAC :                       24 C |  LOADNEXTBANK :                 112 C |
*MACEXP :                         1 - | *MOMCPU :                        80 - |
*MOMCPUNAME :                   Z80 - | *NESTMAX :                      100 - |
*PACKING :                        0 - | *PADDING :                        1 - |
 PAUSEDAC :                      DA C |  PITCH :                          1 - |
 PROCESS_DPCM :                 187 C |  PROCESS_PCM :                  13D C |
 PTR_ENDPLAYBACK :               BB - |  PTR_INITPLAYBACK :              B2 - |
 PTR_INTERRUPT :                 B8 - |  PTR_SOUNDPROC :                 B5 - |
*RELAXED :                        0 - |  RELOAD_DPCM :                  16E C |
 RELOAD_PCM :                   128 C |  SETUPDAC :                      56 C |
 STACK :                       1FF0 - |  STOPDAC :                       EA C |
 S_BANK :                         2 - |  S_POS :                          4 - |
*TIME :                    14:56:18 - | *TRUE :                           1 - |
*VERSION :                     142F - |  YM_PORT0_CTRL :               4000 - |
 YM_PORT0_DATA :               4001 - | *YM_PORT1_CTRL :               4002 - |
*YM_PORT1_DATA :               4003 - |  __BACK0 :                       4C C |
 __BACK1 :                       DE C |  __BACK2 :                      154 C |
 __BACK3 :                      1B5 C |  __FORW0 :                       6C C |
 __FORW1 :                      10C C |  __FORW2 :                      15E C |
 __FORW3 :                      162 C |  __FORW4 :                      16A C |
 __FORW5 :                      1BF C |  __FORW6 :                      1C3 C |
 __FORW7 :                      1CB C |

     81 symbols
     30 unused symbols

 AS V1.42 Beta [Bld 55] - source file MegaPCM.asm - page 11 - 8/5/2012 14:56:18


  codepages:
  ----------

STANDARD (0 changed characters)


0.03 seconds assembly time

    491 lines source file
      2 passes
      0 errors
      0 warnings
